// Jest Snapshot v1, https://goo.gl/fbAQLP

exports[`jest-auto-snapshots > ComponentWithoutProps Matches snapshot when rendered 1`] = `
<span>
  No Props Needed
</span>
`;
