// Jest Snapshot v1, https://goo.gl/fbAQLP

exports[`configure NodeFixture Should match snapshot 1`] = `
<span>
  jest-auto-snapshots Node Fixture
</span>
`;
