// Jest Snapshot v1, https://goo.gl/fbAQLP

exports[`when passed all props 1`] = `
<div>
  jest-auto-snapshots String Fixture
</div>
`;
