// Jest Snapshot v1, https://goo.gl/fbAQLP

exports[`jest-auto-snapshots > CustomProps Matches snapshot when passed all props: when passed all props 1`] = `<div />`;
